🛡️ Rapport de sécurité – 05/08/2026 à 18h00
==========================================================

📌 Uptime et charge système :
 18:00:02 up 194 days, 23:52,  1 user,  load average: 2.72, 2.63, 2.52

📌 Connexions SSH actives :
root     ttyAMA0      Jan 24 10:24

📌 Derniers redémarrages :
reboot   system boot  6.1.0-37-arm64   Thu Jan 22 17:07   still running
reboot   system boot  6.1.0-37-arm64   Thu Jan 22 17:01   still running
reboot   system boot  6.1.0-37-arm64   Thu Jan 22 16:50   still running
reboot   system boot  6.1.0-37-arm64   Thu Jan 22 16:32   still running
reboot   system boot  6.1.0-37-arm64   Sun Dec  7 12:34   still running
reboot   system boot  6.1.0-37-arm64   Sat Dec  6 19:07   still running
reboot   system boot  6.1.0-37-arm64   Sat Dec  6 15:03   still running
reboot   system boot  6.1.0-37-arm64   Mon Oct 20 06:18   still running
reboot   system boot  6.1.0-37-arm64   Fri Oct 10 09:56   still running
reboot   system boot  6.1.0-37-arm64   Thu Oct  9 09:20   still running

📌 Utilisation disque :
Filesystem      Size  Used Avail Use% Mounted on
udev            940M     0  940M   0% /dev
tmpfs           198M 1012K  197M   1% /run
/dev/vda2        28G   27G   16M 100% /
tmpfs           989M     0  989M   0% /dev/shm
tmpfs           5.0M     0  5.0M   0% /run/lock
/dev/vda1       512M  6.1M  506M   2% /boot/efi
overlay          28G   27G   16M 100% /var/lib/docker/overlay2/c8a1d2e12effca01832468cef9a6c17f8dd37c14fad0c48cddd4fd0df289d136/merged
tmpfs           198M  4.0K  198M   1% /run/user/0
/dev/loop2       93M   93M     0 100% /snap/core/17288
/dev/loop5       62M   62M     0 100% /snap/core24/1588
/dev/loop3       93M   93M     0 100% /snap/core/17290
/dev/loop8       62M   62M     0 100% /snap/core24/1644
/dev/loop1       44M   44M     0 100% /snap/snapd/27407
/dev/loop4       69M   69M     0 100% /snap/certbot/5759
/dev/loop0       69M   69M     0 100% /snap/certbot/5779
/dev/loop7       44M   44M     0 100% /snap/snapd/27595

📌 Utilisation mémoire (RAM + Swap) :
               total        used        free      shared  buff/cache   available
Mem:           1.9Gi       394Mi       108Mi       892Ki       1.5Gi       1.5Gi
Swap:          975Mi       376Mi       599Mi

📌 Détail mémoire :
RAM utilisée : 400 MiB / 1977 MiB (20.23%)
SWAP utilisée : 376 MiB / 975 MiB (38.56%)

📌 Top 10 processus utilisant le plus de RAM :
USER         PID %MEM   RSS COMMAND
root      848063  4.9 100048 npm install
root      739188  3.7 76656 systemd-journal
jonathan  848079  3.0 61628 npm run dev --h
jonathan  848087  2.8 57788 npm
jonathan  848100  2.1 44076 node
root     1262233  1.5 31668 dockerd
root     3847745  1.2 26132 snapd
root         720  1.0 20872 containerd
999      1268356  0.8 17600 mysqld
root     1268259  0.5 11836 containerd-shim

📌 Nombre total de processus par utilisateur (top 5) :
    101 root
      4 jonathan
      1 systemd-timesync
      1 messagebus
      1 999

📌 Consommation mémoire par type de processus :
systemd-journal      : 3.70%
npm                  : 2.90%
node                 : 2.40%
dockerd              : 1.50%
snapd                : 1.20%
containerd           : 1.00%
systemd              : 0.80%
mysqld               : 0.80%
containerd-shim      : 0.50%
systemd-timesyn      : 0.30%
systemd-logind       : 0.30%
sshd                 : 0.20%
systemd-udevd        : 0.10%
ps                   : 0.10%
dbus-daemon          : 0.10%

📌 Top processus gourmands CPU :
USER         PID %CPU %MEM    VSZ   RSS TTY      STAT START   TIME COMMAND
root      848154  100  0.1   8156  3712 ?        R    18:00   0:00 ps aux --sort=-%cpu
root      848063 96.7  4.9 1078412 100468 ?      Rsl  17:59   0:02 npm install
jonathan  848087 51.8  2.9 848508 60064 ?        Rsl  18:00   0:00 npm run preview --host --port 5173
jonathan  848079 47.1  3.0 849236 61628 ?        Ssl  18:00   0:00 npm run dev --host 0.0.0.0 --port 5173
jonathan  848100 38.4  2.5 489628 51984 ?        Rl   18:00   0:00 node /usr/bin/vite --host 0.0.0.0 --port 5173
root      848108  5.7  0.1   3792  2788 ?        S    18:00   0:00 /bin/bash ./analyser_logs.sh
999      1268356  1.2  0.8 1739820 17600 ?       Ssl  Jan24 3551:20 mysqld
root           1  0.7  0.4 169116  8440 ?        Ss   Jan22 2044:04 /sbin/init
root      739188  0.3  3.7 123480 76656 ?        Ss   15:50   0:26 /lib/systemd/systemd-journald

📌 Ports ouverts (hors localhost) :
Netid State  Recv-Q Send-Q Local Address:Port  Peer Address:PortProcess
udp   UNCONN 0      0            0.0.0.0:68         0.0.0.0:*          
tcp   LISTEN 0      128          0.0.0.0:22         0.0.0.0:*          
tcp   LISTEN 0      128             [::]:22            [::]:*          

📌 Services en échec :
  UNIT                       LOAD   ACTIVE SUB    DESCRIPTION
* mariadb.service            loaded failed failed MariaDB 10.11.11 database server
* nginx.service              loaded failed failed A high performance web server and a reverse proxy server
* snap.certbot.renew.service loaded failed failed Service for snap application certbot.renew
* snapd.seeded.service       loaded failed failed Wait until snapd is fully seeded

LOAD   = Reflects whether the unit definition was properly loaded.
ACTIVE = The high-level unit activation state, i.e. generalization of SUB.
SUB    = The low-level unit activation state, values depend on unit type.
4 loaded units listed.

📌 Derniers paquets installés :

📌 Utilisateurs système :
_apt
backup
bin
daemon
games
irc
jonathan
list
lp
mail
man
messagebus
mysql
news
nobody
proxy
root
sshd
sync
sys
systemd-network
systemd-timesync
uucp
www-data

📌 Utilisateurs autorisés sudo :
sudo:x:27:

📌 Tentatives sudo échouées :

📌 Vérification des logs web (Nginx/Apache/autres) :
⚠️ /var/log/nginx/access.log est vide.
❌ /var/log/apache2/access.log est introuvable.
❌ /var/www/sarahHasaera/logs/access.log est introuvable.

📌 IPs actives dans les logs :

🚨 Recherche d’activité suspecte :

🔎 Failed password dans /var/log/nginx/access.log :

🔎 Invalid user dans /var/log/nginx/access.log :

🔎 authentication failure dans /var/log/nginx/access.log :

🔎 Did not receive identification string dans /var/log/nginx/access.log :

🔎 possible break-in attempt dans /var/log/nginx/access.log :

🔎 403 dans /var/log/nginx/access.log :

🔎 404 dans /var/log/nginx/access.log :

🔎 SQL syntax dans /var/log/nginx/access.log :

🔎 wp-login dans /var/log/nginx/access.log :
