🛡️ Rapport de sécurité – 02/08/2026 à 05h00
==========================================================

📌 Uptime et charge système :
 05:00:07 up 191 days, 10:52,  1 user,  load average: 3.27, 5.30, 4.14

📌 Connexions SSH actives :
root     ttyAMA0      Jan 24 10:24

📌 Derniers redémarrages :
reboot   system boot  6.1.0-37-arm64   Thu Jan 22 17:07   still running
reboot   system boot  6.1.0-37-arm64   Thu Jan 22 17:01   still running
reboot   system boot  6.1.0-37-arm64   Thu Jan 22 16:50   still running
reboot   system boot  6.1.0-37-arm64   Thu Jan 22 16:32   still running
reboot   system boot  6.1.0-37-arm64   Sun Dec  7 12:34   still running
reboot   system boot  6.1.0-37-arm64   Sat Dec  6 19:07   still running
reboot   system boot  6.1.0-37-arm64   Sat Dec  6 15:03   still running
reboot   system boot  6.1.0-37-arm64   Mon Oct 20 06:18   still running
reboot   system boot  6.1.0-37-arm64   Fri Oct 10 09:56   still running
reboot   system boot  6.1.0-37-arm64   Thu Oct  9 09:20   still running

📌 Utilisation disque :
Filesystem      Size  Used Avail Use% Mounted on
udev            940M     0  940M   0% /dev
tmpfs           198M 1004K  197M   1% /run
/dev/vda2        28G   27G   97M 100% /
tmpfs           989M     0  989M   0% /dev/shm
tmpfs           5.0M     0  5.0M   0% /run/lock
/dev/vda1       512M  6.1M  506M   2% /boot/efi
overlay          28G   27G   97M 100% /var/lib/docker/overlay2/c8a1d2e12effca01832468cef9a6c17f8dd37c14fad0c48cddd4fd0df289d136/merged
tmpfs           198M  4.0K  198M   1% /run/user/0
/dev/loop2       93M   93M     0 100% /snap/core/17288
/dev/loop5       62M   62M     0 100% /snap/core24/1588
/dev/loop3       93M   93M     0 100% /snap/core/17290
/dev/loop8       62M   62M     0 100% /snap/core24/1644
/dev/loop1       44M   44M     0 100% /snap/snapd/27407
/dev/loop4       69M   69M     0 100% /snap/certbot/5759
/dev/loop0       69M   69M     0 100% /snap/certbot/5779
/dev/loop7       44M   44M     0 100% /snap/snapd/27595

📌 Utilisation mémoire (RAM + Swap) :
               total        used        free      shared  buff/cache   available
Mem:           1.9Gi       357Mi       151Mi       888Ki       1.5Gi       1.6Gi
Swap:          975Mi       376Mi       599Mi

📌 Détail mémoire :
RAM utilisée : 358 MiB / 1977 MiB (18.11%)
SWAP utilisée : 376 MiB / 975 MiB (38.56%)

📌 Top 10 processus utilisant le plus de RAM :
USER         PID %MEM   RSS COMMAND
root     1304515  5.1 104256 systemd-journal
root     1459380  3.3 68488 npm install
jonathan 1459379  3.0 60792 npm run preview
jonathan 1459402  2.5 52624 node
root     1262233  1.6 32976 dockerd
root     3847745  1.4 30052 snapd
root         720  1.0 20848 containerd
999      1268356  0.8 17600 mysqld
root     1268259  0.5 11900 containerd-shim
root     3625758  0.4  8900 systemd

📌 Nombre total de processus par utilisateur (top 5) :
    101 root
      3 jonathan
      1 systemd-timesync
      1 messagebus
      1 999

📌 Consommation mémoire par type de processus :
systemd-journal      : 5.10%
node                 : 3.10%
dockerd              : 1.60%
snapd                : 1.40%
containerd           : 1.00%
systemd              : 0.80%
mysqld               : 0.80%
containerd-shim      : 0.50%
systemd-timesyn      : 0.30%
systemd-logind       : 0.30%
sshd                 : 0.20%
systemd-udevd        : 0.10%
ps                   : 0.10%
dbus-daemon          : 0.10%
cron                 : 0.10%

📌 Top processus gourmands CPU :
USER         PID %CPU %MEM    VSZ   RSS TTY      STAT START   TIME COMMAND
root     1459428  102  3.0 849512 61136 ?        Rsl  05:00   0:00 npm install
root     1459439  100  0.2   9124  4392 ?        R    05:00   0:00 ps aux --sort=-%cpu
999      1268356  1.2  0.8 1739820 17600 ?       Ssl  Jan24 3487:59 mysqld
root           1  0.7  0.4 169116  8456 ?        Ss   Jan22 2007:10 /sbin/init
root     1459348  0.5  0.1   3792  2788 ?        S    05:00   0:00 /bin/bash ./analyser_logs.sh
root     1304515  0.3  5.1 156384 104256 ?       Ss   01:52   0:38 /lib/systemd/systemd-journald
root          14  0.3  0.0      0     0 ?        I    Jan22 864:53 [rcu_sched]
message+     508  0.1  0.1   9540  2436 ?        Ss   Jan22 451:01 /usr/bin/dbus-daemon --system --address=systemd: --nofork --nopidfile --systemd-activation --syslog-only
root          32  0.0  0.0      0     0 ?        S    Jan22 254:42 [kcompactd0]

📌 Ports ouverts (hors localhost) :
Netid State  Recv-Q Send-Q Local Address:Port  Peer Address:PortProcess
udp   UNCONN 0      0            0.0.0.0:68         0.0.0.0:*          
tcp   LISTEN 0      128          0.0.0.0:22         0.0.0.0:*          
tcp   LISTEN 0      128             [::]:22            [::]:*          

📌 Services en échec :
  UNIT                       LOAD   ACTIVE SUB    DESCRIPTION
* man-db.service             loaded failed failed Daily man-db regeneration
* mariadb.service            loaded failed failed MariaDB 10.11.11 database server
* nginx.service              loaded failed failed A high performance web server and a reverse proxy server
* snap.certbot.renew.service loaded failed failed Service for snap application certbot.renew
* snapd.seeded.service       loaded failed failed Wait until snapd is fully seeded

LOAD   = Reflects whether the unit definition was properly loaded.
ACTIVE = The high-level unit activation state, i.e. generalization of SUB.
SUB    = The low-level unit activation state, values depend on unit type.
5 loaded units listed.

📌 Derniers paquets installés :

📌 Utilisateurs système :
_apt
backup
bin
daemon
games
irc
jonathan
list
lp
mail
man
messagebus
mysql
news
nobody
proxy
root
sshd
sync
sys
systemd-network
systemd-timesync
uucp
www-data

📌 Utilisateurs autorisés sudo :
sudo:x:27:

📌 Tentatives sudo échouées :

📌 Vérification des logs web (Nginx/Apache/autres) :
⚠️ /var/log/nginx/access.log est vide.
❌ /var/log/apache2/access.log est introuvable.
❌ /var/www/sarahHasaera/logs/access.log est introuvable.

📌 IPs actives dans les logs :

🚨 Recherche d’activité suspecte :

🔎 Failed password dans /var/log/nginx/access.log :

🔎 Invalid user dans /var/log/nginx/access.log :

🔎 authentication failure dans /var/log/nginx/access.log :

🔎 Did not receive identification string dans /var/log/nginx/access.log :

🔎 possible break-in attempt dans /var/log/nginx/access.log :

🔎 403 dans /var/log/nginx/access.log :

🔎 404 dans /var/log/nginx/access.log :

🔎 SQL syntax dans /var/log/nginx/access.log :

🔎 wp-login dans /var/log/nginx/access.log :
