🛡️ Rapport de sécurité – 18/08/2026 à 21h00
==========================================================

📌 Uptime et charge système :
 21:00:05 up 208 days,  2:52,  1 user,  load average: 2.38, 2.15, 2.18

📌 Connexions SSH actives :
root     ttyAMA0      Jan 24 10:24

📌 Derniers redémarrages :
reboot   system boot  6.1.0-37-arm64   Thu Jan 22 17:07   still running
reboot   system boot  6.1.0-37-arm64   Thu Jan 22 17:01   still running
reboot   system boot  6.1.0-37-arm64   Thu Jan 22 16:50   still running
reboot   system boot  6.1.0-37-arm64   Thu Jan 22 16:32   still running
reboot   system boot  6.1.0-37-arm64   Sun Dec  7 12:34   still running
reboot   system boot  6.1.0-37-arm64   Sat Dec  6 19:07   still running
reboot   system boot  6.1.0-37-arm64   Sat Dec  6 15:03   still running
reboot   system boot  6.1.0-37-arm64   Mon Oct 20 06:18   still running
reboot   system boot  6.1.0-37-arm64   Fri Oct 10 09:56   still running
reboot   system boot  6.1.0-37-arm64   Thu Oct  9 09:20   still running

📌 Utilisation disque :
Filesystem      Size  Used Avail Use% Mounted on
udev            940M     0  940M   0% /dev
tmpfs           198M 1008K  197M   1% /run
/dev/vda2        28G   27G     0 100% /
tmpfs           989M     0  989M   0% /dev/shm
tmpfs           5.0M     0  5.0M   0% /run/lock
/dev/vda1       512M  6.1M  506M   2% /boot/efi
overlay          28G   27G     0 100% /var/lib/docker/overlay2/c8a1d2e12effca01832468cef9a6c17f8dd37c14fad0c48cddd4fd0df289d136/merged
tmpfs           198M  4.0K  198M   1% /run/user/0
/dev/loop2       93M   93M     0 100% /snap/core/17288
/dev/loop5       62M   62M     0 100% /snap/core24/1588
/dev/loop3       93M   93M     0 100% /snap/core/17290
/dev/loop8       62M   62M     0 100% /snap/core24/1644
/dev/loop4       69M   69M     0 100% /snap/certbot/5759
/dev/loop0       69M   69M     0 100% /snap/certbot/5779
/dev/loop7       44M   44M     0 100% /snap/snapd/27595
/dev/loop6       44M   44M     0 100% /snap/snapd/27709

📌 Utilisation mémoire (RAM + Swap) :
               total        used        free      shared  buff/cache   available
Mem:           1.9Gi       348Mi        99Mi       888Ki       1.6Gi       1.6Gi
Swap:          975Mi       374Mi       601Mi

📌 Détail mémoire :
RAM utilisée : 349 MiB / 1977 MiB (17.65%)
SWAP utilisée : 374 MiB / 975 MiB (38.36%)

📌 Top 10 processus utilisant le plus de RAM :
USER         PID %MEM   RSS COMMAND
root      166155  3.8 78864 npm install
jonathan  166082  2.9 59328 npm run preview
jonathan  166069  2.9 59236 npm run dev --h
root     3982757  2.8 57944 systemd-journal
root     3628472  1.5 32124 snapd
root     1262233  1.3 26488 dockerd
999      1268356  0.8 17556 mysqld
root         720  0.7 14908 containerd
root     1268259  0.5 12120 containerd-shim
root     3625758  0.4  8852 systemd

📌 Nombre total de processus par utilisateur (top 5) :
     95 root
      2 jonathan
      1 systemd-timesync
      1 messagebus
      1 999

📌 Consommation mémoire par type de processus :
systemd-journal      : 2.80%
snapd                : 1.50%
dockerd              : 1.30%
systemd              : 0.80%
mysqld               : 0.80%
containerd           : 0.70%
containerd-shim      : 0.50%
systemd-timesyn      : 0.30%
sshd                 : 0.20%
systemd-udevd        : 0.10%
ps                   : 0.10%
dbus-daemon          : 0.10%
cron                 : 0.10%
bash                 : 0.10%
awk                  : 0.10%

📌 Top processus gourmands CPU :
USER         PID %CPU %MEM    VSZ   RSS TTY      STAT START   TIME COMMAND
root      166176  114  4.5 877472 93076 ?        Rsl  21:00   0:01 npm install
jonathan  166082  3.0  2.9 782716 59328 ?        Dsl  21:00   0:00 npm run preview --host --port 5173
jonathan  166069  2.9  2.9 782716 59236 ?        Dsl  21:00   0:00 npm run dev --host 0.0.0.0 --port 5173
999      1268356  1.2  0.8 1739820 17556 ?       Ssl  Jan24 3779:57 mysqld
root           1  0.7  0.4 168924  8444 ?        Ss   Jan22 2165:27 /sbin/init
root          14  0.3  0.0      0     0 ?        I    Jan22 932:58 [rcu_sched]
root     3982757  0.2  2.8 107152 57944 ?        Ss   08:35   2:10 /lib/systemd/systemd-journald
message+     508  0.1  0.1   9540  2480 ?        Ss   Jan22 476:45 /usr/bin/dbus-daemon --system --address=systemd: --nofork --nopidfile --systemd-activation --syslog-only
root          32  0.0  0.0      0     0 ?        S    Jan22 285:06 [kcompactd0]

📌 Ports ouverts (hors localhost) :
Netid State  Recv-Q Send-Q Local Address:Port  Peer Address:PortProcess
udp   UNCONN 0      0            0.0.0.0:68         0.0.0.0:*          
tcp   LISTEN 0      128          0.0.0.0:22         0.0.0.0:*          
tcp   LISTEN 0      128             [::]:22            [::]:*          

📌 Services en échec :
  UNIT                       LOAD   ACTIVE SUB    DESCRIPTION
* man-db.service             loaded failed failed Daily man-db regeneration
* mariadb.service            loaded failed failed MariaDB 10.11.11 database server
* nginx.service              loaded failed failed A high performance web server and a reverse proxy server
* snap.certbot.renew.service loaded failed failed Service for snap application certbot.renew
* snapd.seeded.service       loaded failed failed Wait until snapd is fully seeded
* systemd-logind.service     loaded failed failed User Login Management

LOAD   = Reflects whether the unit definition was properly loaded.
ACTIVE = The high-level unit activation state, i.e. generalization of SUB.
SUB    = The low-level unit activation state, values depend on unit type.
6 loaded units listed.

📌 Derniers paquets installés :

📌 Utilisateurs système :
_apt
backup
bin
daemon
games
irc
jonathan
list
lp
mail
man
messagebus
mysql
news
nobody
proxy
root
sshd
sync
sys
systemd-network
systemd-timesync
uucp
www-data

📌 Utilisateurs autorisés sudo :
sudo:x:27:

📌 Tentatives sudo échouées :

📌 Vérification des logs web (Nginx/Apache/autres) :
⚠️ /var/log/nginx/access.log est vide.
❌ /var/log/apache2/access.log est introuvable.
❌ /var/www/sarahHasaera/logs/access.log est introuvable.

📌 IPs actives dans les logs :

🚨 Recherche d’activité suspecte :

🔎 Failed password dans /var/log/nginx/access.log :

🔎 Invalid user dans /var/log/nginx/access.log :

🔎 authentication failure dans /var/log/nginx/access.log :

🔎 Did not receive identification string dans /var/log/nginx/access.log :

🔎 possible break-in attempt dans /var/log/nginx/access.log :

🔎 403 dans /var/log/nginx/access.log :

🔎 404 dans /var/log/nginx/access.log :

🔎 SQL syntax dans /var/log/nginx/access.log :

🔎 wp-login dans /var/log/nginx/access.log :
