🛡️ Rapport de sécurité – 06/09/2026 à 05h00
==========================================================

📌 Uptime et charge système :
 05:00:02 up 226 days, 10:52,  1 user,  load average: 3.30, 2.86, 2.71

📌 Connexions SSH actives :
root     ttyAMA0      Jan 24 10:24

📌 Derniers redémarrages :
reboot   system boot  6.1.0-37-arm64   Thu Jan 22 17:07   still running
reboot   system boot  6.1.0-37-arm64   Thu Jan 22 17:01   still running
reboot   system boot  6.1.0-37-arm64   Thu Jan 22 16:50   still running
reboot   system boot  6.1.0-37-arm64   Thu Jan 22 16:32   still running
reboot   system boot  6.1.0-37-arm64   Sun Dec  7 12:34   still running
reboot   system boot  6.1.0-37-arm64   Sat Dec  6 19:07   still running
reboot   system boot  6.1.0-37-arm64   Sat Dec  6 15:03   still running
reboot   system boot  6.1.0-37-arm64   Mon Oct 20 06:18   still running
reboot   system boot  6.1.0-37-arm64   Fri Oct 10 09:56   still running
reboot   system boot  6.1.0-37-arm64   Thu Oct  9 09:20   still running

📌 Utilisation disque :
Filesystem      Size  Used Avail Use% Mounted on
udev            940M     0  940M   0% /dev
tmpfs           198M 1008K  197M   1% /run
/dev/vda2        28G   27G     0 100% /
tmpfs           989M     0  989M   0% /dev/shm
tmpfs           5.0M     0  5.0M   0% /run/lock
/dev/vda1       512M  6.1M  506M   2% /boot/efi
overlay          28G   27G     0 100% /var/lib/docker/overlay2/c8a1d2e12effca01832468cef9a6c17f8dd37c14fad0c48cddd4fd0df289d136/merged
tmpfs           198M  4.0K  198M   1% /run/user/0
/dev/loop2       93M   93M     0 100% /snap/core/17288
/dev/loop5       62M   62M     0 100% /snap/core24/1588
/dev/loop3       93M   93M     0 100% /snap/core/17290
/dev/loop8       62M   62M     0 100% /snap/core24/1644
/dev/loop0       69M   69M     0 100% /snap/certbot/5779
/dev/loop7       44M   44M     0 100% /snap/snapd/27595
/dev/loop6       44M   44M     0 100% /snap/snapd/27709
/dev/loop1       68M   68M     0 100% /snap/certbot/5892

📌 Utilisation mémoire (RAM + Swap) :
               total        used        free      shared  buff/cache   available
Mem:           1.9Gi       378Mi        72Mi       892Ki       1.6Gi       1.6Gi
Swap:          975Mi       377Mi       598Mi

📌 Détail mémoire :
RAM utilisée : 379 MiB / 1977 MiB (19.17%)
SWAP utilisée : 377 MiB / 975 MiB (38.67%)

📌 Top 10 processus utilisant le plus de RAM :
USER         PID %MEM   RSS COMMAND
jonathan 2992193  4.1 83628 node
root     2950071  2.9 60196 systemd-journal
jonathan 2992181  2.8 57688 npm run preview
jonathan 2992202  2.6 52992 npm
root     2992201  2.4 48700 npm
root     3628472  1.5 31280 snapd
root     1262233  1.2 26276 dockerd
999      1268356  0.8 17488 mysqld
root         720  0.7 14700 containerd
root     1268259  0.5 11948 containerd-shim

📌 Nombre total de processus par utilisateur (top 5) :
     96 root
      5 jonathan
      1 systemd-timesync
      1 messagebus
      1 999

📌 Consommation mémoire par type de processus :
npm                  : 5.00%
node                 : 4.10%
systemd-journal      : 2.90%
snapd                : 1.50%
dockerd              : 1.20%
systemd              : 0.80%
mysqld               : 0.80%
containerd           : 0.70%
containerd-shim      : 0.50%
systemd-timesyn      : 0.30%
sshd                 : 0.20%
systemd-udevd        : 0.10%
ps                   : 0.10%
esbuild              : 0.10%
dbus-daemon          : 0.10%

📌 Top processus gourmands CPU :
USER         PID %CPU %MEM    VSZ   RSS TTY      STAT START   TIME COMMAND
jonathan 2992193  1.6  4.1 21992144 83628 ?      Sl   04:59   0:00 node /usr/bin/vite preview --host --port 5173
999      1268356  1.2  0.8 1739820 17488 ?       Ssl  Jan24 4095:03 mysqld
jonathan 2992181  1.1  2.8 846020 57688 ?        Ssl  04:59   0:00 npm run preview --host --port 5173
root           1  0.7  0.4 168988  8632 ?        Ss   Jan22 2313:45 /sbin/init
root          14  0.3  0.0      0     0 ?        I    Jan22 1004:07 [rcu_sched]
jonathan 2992202  0.2  2.6 745424 52992 ?        Dsl  04:59   0:00 npm
root     2950071  0.2  2.9 106608 60196 ?        Ss   03:33   0:14 /lib/systemd/systemd-journald
root     2992227  0.2  0.1   3792  2784 ?        S    05:00   0:00 /bin/bash ./analyser_logs.sh
root     2992201  0.2  2.4 744940 48700 ?        Dsl  04:59   0:00 npm

📌 Ports ouverts (hors localhost) :
Netid State  Recv-Q Send-Q Local Address:Port  Peer Address:PortProcess
udp   UNCONN 0      0            0.0.0.0:68         0.0.0.0:*          
tcp   LISTEN 0      128          0.0.0.0:22         0.0.0.0:*          
tcp   LISTEN 0      128             [::]:22            [::]:*          

📌 Services en échec :
  UNIT                       LOAD   ACTIVE SUB    DESCRIPTION
* man-db.service             loaded failed failed Daily man-db regeneration
* mariadb.service            loaded failed failed MariaDB 10.11.11 database server
* nginx.service              loaded failed failed A high performance web server and a reverse proxy server
* snap.certbot.renew.service loaded failed failed Service for snap application certbot.renew
* snapd.seeded.service       loaded failed failed Wait until snapd is fully seeded
* systemd-logind.service     loaded failed failed User Login Management

LOAD   = Reflects whether the unit definition was properly loaded.
ACTIVE = The high-level unit activation state, i.e. generalization of SUB.
SUB    = The low-level unit activation state, values depend on unit type.
6 loaded units listed.

📌 Derniers paquets installés :

📌 Utilisateurs système :
_apt
backup
bin
daemon
games
irc
jonathan
list
lp
mail
man
messagebus
mysql
news
nobody
proxy
root
sshd
sync
sys
systemd-network
systemd-timesync
uucp
www-data

📌 Utilisateurs autorisés sudo :
sudo:x:27:

📌 Tentatives sudo échouées :

📌 Vérification des logs web (Nginx/Apache/autres) :
⚠️ /var/log/nginx/access.log est vide.
❌ /var/log/apache2/access.log est introuvable.
❌ /var/www/sarahHasaera/logs/access.log est introuvable.

📌 IPs actives dans les logs :

🚨 Recherche d’activité suspecte :

🔎 Failed password dans /var/log/nginx/access.log :

🔎 Invalid user dans /var/log/nginx/access.log :

🔎 authentication failure dans /var/log/nginx/access.log :

🔎 Did not receive identification string dans /var/log/nginx/access.log :

🔎 possible break-in attempt dans /var/log/nginx/access.log :

🔎 403 dans /var/log/nginx/access.log :

🔎 404 dans /var/log/nginx/access.log :

🔎 SQL syntax dans /var/log/nginx/access.log :

🔎 wp-login dans /var/log/nginx/access.log :
