🛡️ Rapport de sécurité – 13/09/2026 à 08h00
==========================================================

📌 Uptime et charge système :
 08:00:27 up 233 days, 13:52,  1 user,  load average: 15.95, 7.60, 4.63

📌 Connexions SSH actives :
root     ttyAMA0      Jan 24 10:24

📌 Derniers redémarrages :
reboot   system boot  6.1.0-37-arm64   Thu Jan 22 17:07   still running
reboot   system boot  6.1.0-37-arm64   Thu Jan 22 17:01   still running
reboot   system boot  6.1.0-37-arm64   Thu Jan 22 16:50   still running
reboot   system boot  6.1.0-37-arm64   Thu Jan 22 16:32   still running
reboot   system boot  6.1.0-37-arm64   Sun Dec  7 12:34   still running
reboot   system boot  6.1.0-37-arm64   Sat Dec  6 19:07   still running
reboot   system boot  6.1.0-37-arm64   Sat Dec  6 15:03   still running
reboot   system boot  6.1.0-37-arm64   Mon Oct 20 06:18   still running
reboot   system boot  6.1.0-37-arm64   Fri Oct 10 09:56   still running
reboot   system boot  6.1.0-37-arm64   Thu Oct  9 09:20   still running

📌 Utilisation disque :
Filesystem      Size  Used Avail Use% Mounted on
udev            940M     0  940M   0% /dev
tmpfs           198M 1012K  197M   1% /run
/dev/vda2        28G   27G  1.5M 100% /
tmpfs           989M     0  989M   0% /dev/shm
tmpfs           5.0M     0  5.0M   0% /run/lock
/dev/vda1       512M  6.1M  506M   2% /boot/efi
overlay          28G   27G  1.5M 100% /var/lib/docker/overlay2/c8a1d2e12effca01832468cef9a6c17f8dd37c14fad0c48cddd4fd0df289d136/merged
tmpfs           198M  4.0K  198M   1% /run/user/0
/dev/loop2       93M   93M     0 100% /snap/core/17288
/dev/loop5       62M   62M     0 100% /snap/core24/1588
/dev/loop3       93M   93M     0 100% /snap/core/17290
/dev/loop8       62M   62M     0 100% /snap/core24/1644
/dev/loop0       69M   69M     0 100% /snap/certbot/5779
/dev/loop6       44M   44M     0 100% /snap/snapd/27709
/dev/loop1       68M   68M     0 100% /snap/certbot/5892
/dev/loop4       44M   44M     0 100% /snap/snapd/27740

📌 Utilisation mémoire (RAM + Swap) :
               total        used        free      shared  buff/cache   available
Mem:           1.9Gi       400Mi        93Mi       896Ki       1.5Gi       1.5Gi
Swap:          975Mi       373Mi       602Mi

📌 Détail mémoire :
RAM utilisée : 401 MiB / 1977 MiB (20.28%)
SWAP utilisée : 373 MiB / 975 MiB (38.26%)

📌 Top 10 processus utilisant le plus de RAM :
USER         PID %MEM   RSS COMMAND
root      550014  4.8 98748 npm install
jonathan  549980  2.9 59220 npm run dev --h
jonathan  550025  2.9 59096 npm run preview
root      474287  2.6 52984 systemd-journal
root     2996515  2.0 41584 snapd
root     1262233  1.2 26168 dockerd
999      1268356  0.8 17472 mysqld
root         720  0.7 14784 containerd
root     1268259  0.5 12032 containerd-shim
root     3625758  0.4  8796 systemd

📌 Nombre total de processus par utilisateur (top 5) :
    115 root
      2 jonathan
      1 systemd-timesync
      1 messagebus
      1 man

📌 Consommation mémoire par type de processus :
systemd-journal      : 2.60%
snapd                : 2.00%
dockerd              : 1.20%
systemd              : 0.80%
mysqld               : 0.80%
containerd           : 0.70%
containerd-shim      : 0.50%
systemd-timesyn      : 0.30%
sshd                 : 0.20%
mandb                : 0.20%
systemd-udevd        : 0.10%
ps                   : 0.10%
dbus-daemon          : 0.10%
cron                 : 0.10%
bash                 : 0.10%

📌 Top processus gourmands CPU :
USER         PID %CPU %MEM    VSZ   RSS TTY      STAT START   TIME COMMAND
root      550014 16.5  4.8 1013172 98748 ?       Ssl  08:00   0:02 npm install
root      550056  9.0  0.1   3792  2788 ?        S    08:00   0:00 /bin/bash ./analyser_logs.sh
jonathan  550025  2.7  2.9 849228 59096 ?        Ssl  08:00   0:00 npm run preview --host --port 5173
jonathan  549980  2.4  2.9 849232 59220 ?        Ssl  08:00   0:00 npm run dev --host 0.0.0.0 --port 5173
999      1268356  1.2  0.8 1739820 17472 ?       Ssl  Jan24 4216:49 mysqld
root           1  0.7  0.4 168988  8516 ?        Ss   Jan22 2371:21 /sbin/init
root          14  0.3  0.0      0     0 ?        I    Jan22 1031:37 [rcu_sched]
root      474287  0.3  2.6  90712 52984 ?        Ssl  06:27   0:17 /lib/systemd/systemd-journald
message+     508  0.1  0.1   9540  2420 ?        Ss   Jan22 476:46 /usr/bin/dbus-daemon --system --address=systemd: --nofork --nopidfile --systemd-activation --syslog-only

📌 Ports ouverts (hors localhost) :
Netid State  Recv-Q Send-Q Local Address:Port  Peer Address:PortProcess
udp   UNCONN 0      0            0.0.0.0:68         0.0.0.0:*          
tcp   LISTEN 0      128          0.0.0.0:22         0.0.0.0:*          
tcp   LISTEN 0      128             [::]:22            [::]:*          

📌 Services en échec :
  UNIT                       LOAD   ACTIVE SUB    DESCRIPTION
* mariadb.service            loaded failed failed MariaDB 10.11.11 database server
* nginx.service              loaded failed failed A high performance web server and a reverse proxy server
* snap.certbot.renew.service loaded failed failed Service for snap application certbot.renew
* systemd-logind.service     loaded failed failed User Login Management

LOAD   = Reflects whether the unit definition was properly loaded.
ACTIVE = The high-level unit activation state, i.e. generalization of SUB.
SUB    = The low-level unit activation state, values depend on unit type.
4 loaded units listed.

📌 Derniers paquets installés :

📌 Utilisateurs système :
_apt
backup
bin
daemon
games
irc
jonathan
list
lp
mail
man
messagebus
mysql
news
nobody
proxy
root
sshd
sync
sys
systemd-network
systemd-timesync
uucp
www-data

📌 Utilisateurs autorisés sudo :
sudo:x:27:

📌 Tentatives sudo échouées :

📌 Vérification des logs web (Nginx/Apache/autres) :
⚠️ /var/log/nginx/access.log est vide.
❌ /var/log/apache2/access.log est introuvable.
❌ /var/www/sarahHasaera/logs/access.log est introuvable.

📌 IPs actives dans les logs :

🚨 Recherche d’activité suspecte :

🔎 Failed password dans /var/log/nginx/access.log :

🔎 Invalid user dans /var/log/nginx/access.log :

🔎 authentication failure dans /var/log/nginx/access.log :

🔎 Did not receive identification string dans /var/log/nginx/access.log :

🔎 possible break-in attempt dans /var/log/nginx/access.log :

🔎 403 dans /var/log/nginx/access.log :

🔎 404 dans /var/log/nginx/access.log :

🔎 SQL syntax dans /var/log/nginx/access.log :

🔎 wp-login dans /var/log/nginx/access.log :
